Info: Starting: Create simulation model
Info: qsys-generate C:\work\pj104\code\1702\Mixed_Radix_DFT\IP\mrd_ROM_Init.qsys --simulation=VERILOG --allow-mixed-language-simulation --output-directory=C:\work\pj104\code\1702\Mixed_Radix_DFT\IP\mrd_ROM_Init --family="Arria 10" --part=10AX115U3F45E2SGE3
Progress: Loading IP/mrd_ROM_Init.qsys
Progress: Reading input file
Progress: Adding rom_1port_0 [rom_1port 15.1]
Progress: Parameterizing module rom_1port_0
Progress: Building connections
Progress: Parameterizing connections
Progress: Validating
Progress: Done reading input file
: mrd_ROM_Init.rom_1port_0: Targeting device family: Arria 10.
: mrd_ROM_Init.rom_1port_0: The initial content file can only conforms to PORT_A's dimensions for ROM:1-PORT.
Info: mrd_ROM_Init: "Transforming system: mrd_ROM_Init"
Info: mrd_ROM_Init: Running transform generation_view_transform
Info: mrd_ROM_Init: Running transform generation_view_transform took 0.000s
Info: rom_1port_0: Running transform generation_view_transform
Info: rom_1port_0: Running transform generation_view_transform took 0.000s
Info: mrd_ROM_Init: Running transform merlin_avalon_transform
Info: mrd_ROM_Init: Running transform merlin_avalon_transform took 0.054s
Info: mrd_ROM_Init: "Naming system components in system: mrd_ROM_Init"
Info: mrd_ROM_Init: "Processing generation queue"
Info: mrd_ROM_Init: "Generating: mrd_ROM_Init"
Info: mrd_ROM_Init: "Generating: mrd_ROM_Init_rom_1port_151_qacsi6a"
Info: mrd_ROM_Init: Done "mrd_ROM_Init" with 2 modules, 2 files
Info: qsys-generate succeeded.
Info: Finished: Create simulation model
Info: Starting: Create Modelsim Project.
Info: sim-script-gen --spd=C:\work\pj104\code\1702\Mixed_Radix_DFT\IP\mrd_ROM_Init\mrd_ROM_Init.spd --output-directory=C:/work/pj104/code/1702/Mixed_Radix_DFT/IP/mrd_ROM_Init/sim/ --use-relative-paths=true
Info: Doing: ip-make-simscript --spd=C:\work\pj104\code\1702\Mixed_Radix_DFT\IP\mrd_ROM_Init\mrd_ROM_Init.spd --output-directory=C:/work/pj104/code/1702/Mixed_Radix_DFT/IP/mrd_ROM_Init/sim/ --use-relative-paths=true
Info: Generating the following file(s) for MODELSIM simulator in C:/work/pj104/code/1702/Mixed_Radix_DFT/IP/mrd_ROM_Init/sim/ directory:
Info: 	mentor/msim_setup.tcl
Info: Generating the following file(s) for VCS simulator in C:/work/pj104/code/1702/Mixed_Radix_DFT/IP/mrd_ROM_Init/sim/ directory:
Info: 	synopsys/vcs/vcs_setup.sh
Info: Generating the following file(s) for VCSMX simulator in C:/work/pj104/code/1702/Mixed_Radix_DFT/IP/mrd_ROM_Init/sim/ directory:
Info: 	synopsys/vcsmx/synopsys_sim.setup
Info: 	synopsys/vcsmx/vcsmx_setup.sh
Info: Generating the following file(s) for NCSIM simulator in C:/work/pj104/code/1702/Mixed_Radix_DFT/IP/mrd_ROM_Init/sim/ directory:
Info: 	cadence/cds.lib
Info: 	cadence/hdl.var
Info: 	cadence/ncsim_setup.sh
Info: 	1 .cds.lib files in cadence/cds_libs/ directory
Info: Generating the following file(s) for RIVIERA simulator in C:/work/pj104/code/1702/Mixed_Radix_DFT/IP/mrd_ROM_Init/sim/ directory:
Info: 	aldec/rivierapro_setup.tcl
Info: For information on how to simulate your IP, see the explanatory comments in the simulator-specific subdirectories under C:/work/pj104/code/1702/Mixed_Radix_DFT/IP/mrd_ROM_Init/sim/.
Info: Finished: Create Modelsim Project.
Info: 
Info: Starting: Create HDL design files for synthesis
Info: qsys-generate C:\work\pj104\code\1702\Mixed_Radix_DFT\IP\mrd_ROM_Init.qsys --synthesis=VERILOG --output-directory=C:\work\pj104\code\1702\Mixed_Radix_DFT\IP\mrd_ROM_Init --family="Arria 10" --part=10AX115U3F45E2SGE3
Progress: Loading IP/mrd_ROM_Init.qsys
Progress: Reading input file
Progress: Adding rom_1port_0 [rom_1port 15.1]
Progress: Parameterizing module rom_1port_0
Progress: Building connections
Progress: Parameterizing connections
Progress: Validating
Progress: Done reading input file
: mrd_ROM_Init.rom_1port_0: Targeting device family: Arria 10.
: mrd_ROM_Init.rom_1port_0: The initial content file can only conforms to PORT_A's dimensions for ROM:1-PORT.
Info: mrd_ROM_Init: "Transforming system: mrd_ROM_Init"
Info: mrd_ROM_Init: Running transform generation_view_transform
Info: mrd_ROM_Init: Running transform generation_view_transform took 0.000s
Info: rom_1port_0: Running transform generation_view_transform
Info: rom_1port_0: Running transform generation_view_transform took 0.000s
Info: mrd_ROM_Init: Running transform merlin_avalon_transform
Info: mrd_ROM_Init: Running transform merlin_avalon_transform took 0.022s
Info: mrd_ROM_Init: "Naming system components in system: mrd_ROM_Init"
Info: mrd_ROM_Init: "Processing generation queue"
Info: mrd_ROM_Init: "Generating: mrd_ROM_Init"
Info: mrd_ROM_Init: "Generating: mrd_ROM_Init_rom_1port_151_qacsi6a"
Info: mrd_ROM_Init: Done "mrd_ROM_Init" with 2 modules, 3 files
Info: qsys-generate succeeded.
Info: Finished: Create HDL design files for synthesis
