Info: Starting: Create simulation model
Info: qsys-generate C:\work\pj104\code\1702\Mixed_Radix_DFT\IP\ff_rdx_index.qsys --simulation=VERILOG --allow-mixed-language-simulation --output-directory=C:\work\pj104\code\1702\Mixed_Radix_DFT\IP\ff_rdx_index --family="Arria 10" --part=10AX115U3F45E2SGE3
Progress: Loading IP/ff_rdx_index.qsys
Progress: Reading input file
Progress: Adding fifo_0 [fifo 15.1]
Progress: Parameterizing module fifo_0
Progress: Building connections
Progress: Parameterizing connections
Progress: Validating
Progress: Done reading input file
: ff_rdx_index.fifo_0: Targeting device family: Arria 10.
: ff_rdx_index.fifo_0: Tab: 'DCFIFO 1' is unavailable while using Single-Clock FIFO.
: ff_rdx_index.fifo_0: Tab: 'DCFIFO 2' is unavailable while using Single-Clock FIFO.
Info: ff_rdx_index: "Transforming system: ff_rdx_index"
Info: ff_rdx_index: Running transform generation_view_transform
Info: ff_rdx_index: Running transform generation_view_transform took 0.000s
Info: fifo_0: Running transform generation_view_transform
Info: fifo_0: Running transform generation_view_transform took 0.000s
Info: ff_rdx_index: Running transform merlin_avalon_transform
Info: ff_rdx_index: Running transform merlin_avalon_transform took 0.040s
Info: ff_rdx_index: "Naming system components in system: ff_rdx_index"
Info: ff_rdx_index: "Processing generation queue"
Info: ff_rdx_index: "Generating: ff_rdx_index"
Info: ff_rdx_index: "Generating: ff_rdx_index_fifo_151_i22ugba"
Info: ff_rdx_index: Done "ff_rdx_index" with 2 modules, 2 files
Info: qsys-generate succeeded.
Info: Finished: Create simulation model
Info: Starting: Create Modelsim Project.
Info: sim-script-gen --spd=C:\work\pj104\code\1702\Mixed_Radix_DFT\IP\ff_rdx_index\ff_rdx_index.spd --output-directory=C:/work/pj104/code/1702/Mixed_Radix_DFT/IP/ff_rdx_index/sim/ --use-relative-paths=true
Info: Doing: ip-make-simscript --spd=C:\work\pj104\code\1702\Mixed_Radix_DFT\IP\ff_rdx_index\ff_rdx_index.spd --output-directory=C:/work/pj104/code/1702/Mixed_Radix_DFT/IP/ff_rdx_index/sim/ --use-relative-paths=true
Info: Generating the following file(s) for MODELSIM simulator in C:/work/pj104/code/1702/Mixed_Radix_DFT/IP/ff_rdx_index/sim/ directory:
Info: 	mentor/msim_setup.tcl
Info: Generating the following file(s) for VCS simulator in C:/work/pj104/code/1702/Mixed_Radix_DFT/IP/ff_rdx_index/sim/ directory:
Info: 	synopsys/vcs/vcs_setup.sh
Info: Generating the following file(s) for VCSMX simulator in C:/work/pj104/code/1702/Mixed_Radix_DFT/IP/ff_rdx_index/sim/ directory:
Info: 	synopsys/vcsmx/synopsys_sim.setup
Info: 	synopsys/vcsmx/vcsmx_setup.sh
Info: Generating the following file(s) for NCSIM simulator in C:/work/pj104/code/1702/Mixed_Radix_DFT/IP/ff_rdx_index/sim/ directory:
Info: 	cadence/cds.lib
Info: 	cadence/hdl.var
Info: 	cadence/ncsim_setup.sh
Info: 	1 .cds.lib files in cadence/cds_libs/ directory
Info: Generating the following file(s) for RIVIERA simulator in C:/work/pj104/code/1702/Mixed_Radix_DFT/IP/ff_rdx_index/sim/ directory:
Info: 	aldec/rivierapro_setup.tcl
Info: For information on how to simulate your IP, see the explanatory comments in the simulator-specific subdirectories under C:/work/pj104/code/1702/Mixed_Radix_DFT/IP/ff_rdx_index/sim/.
Info: Finished: Create Modelsim Project.
Info: 
Info: Starting: Create HDL design files for synthesis
Info: qsys-generate C:\work\pj104\code\1702\Mixed_Radix_DFT\IP\ff_rdx_index.qsys --synthesis=VERILOG --output-directory=C:\work\pj104\code\1702\Mixed_Radix_DFT\IP\ff_rdx_index --family="Arria 10" --part=10AX115U3F45E2SGE3
Progress: Loading IP/ff_rdx_index.qsys
Progress: Reading input file
Progress: Adding fifo_0 [fifo 15.1]
Progress: Parameterizing module fifo_0
Progress: Building connections
Progress: Parameterizing connections
Progress: Validating
Progress: Done reading input file
: ff_rdx_index.fifo_0: Targeting device family: Arria 10.
: ff_rdx_index.fifo_0: Tab: 'DCFIFO 1' is unavailable while using Single-Clock FIFO.
: ff_rdx_index.fifo_0: Tab: 'DCFIFO 2' is unavailable while using Single-Clock FIFO.
Info: ff_rdx_index: "Transforming system: ff_rdx_index"
Info: ff_rdx_index: Running transform generation_view_transform
Info: ff_rdx_index: Running transform generation_view_transform took 0.000s
Info: fifo_0: Running transform generation_view_transform
Info: fifo_0: Running transform generation_view_transform took 0.000s
Info: ff_rdx_index: Running transform merlin_avalon_transform
Info: ff_rdx_index: Running transform merlin_avalon_transform took 0.083s
Info: ff_rdx_index: "Naming system components in system: ff_rdx_index"
Info: ff_rdx_index: "Processing generation queue"
Info: ff_rdx_index: "Generating: ff_rdx_index"
Info: ff_rdx_index: "Generating: ff_rdx_index_fifo_151_i22ugba"
Info: ff_rdx_index: Done "ff_rdx_index" with 2 modules, 3 files
Info: qsys-generate succeeded.
Info: Finished: Create HDL design files for synthesis
