Info: Starting: Create simulation model
Info: qsys-generate C:\work\pj104\code\1702\Mixed_Radix_DFT\IP\mrd_RAM_IP.qsys --simulation=VERILOG --allow-mixed-language-simulation --output-directory=C:\work\pj104\code\1702\Mixed_Radix_DFT\IP\mrd_RAM_IP --family="Arria 10" --part=10AX115U3F45E2SGE3
Progress: Loading IP/mrd_RAM_IP.qsys
Progress: Reading input file
Progress: Adding ram_2port_0 [ram_2port 15.1]
Progress: Parameterizing module ram_2port_0
Progress: Building connections
Progress: Parameterizing connections
Progress: Validating
Progress: Done reading input file
: mrd_RAM_IP.ram_2port_0: Targeting device family: Arria 10.
: mrd_RAM_IP.ram_2port_0: 'q_a' output bus width will be ignored while using one read port and one write port mode.
: mrd_RAM_IP.ram_2port_0: Tab Output2 is unavailable while using one read port and one write port.
Info: mrd_RAM_IP: "Transforming system: mrd_RAM_IP"
Info: mrd_RAM_IP: Running transform generation_view_transform
Info: mrd_RAM_IP: Running transform generation_view_transform took 0.000s
Info: ram_2port_0: Running transform generation_view_transform
Info: ram_2port_0: Running transform generation_view_transform took 0.000s
Info: mrd_RAM_IP: Running transform merlin_avalon_transform
Info: mrd_RAM_IP: Running transform merlin_avalon_transform took 0.070s
Info: mrd_RAM_IP: "Naming system components in system: mrd_RAM_IP"
Info: mrd_RAM_IP: "Processing generation queue"
Info: mrd_RAM_IP: "Generating: mrd_RAM_IP"
Info: mrd_RAM_IP: "Generating: mrd_RAM_IP_ram_2port_151_zwzljpy"
Info: mrd_RAM_IP: Done "mrd_RAM_IP" with 2 modules, 2 files
Info: qsys-generate succeeded.
Info: Finished: Create simulation model
Info: Starting: Create Modelsim Project.
Info: sim-script-gen --spd=C:\work\pj104\code\1702\Mixed_Radix_DFT\IP\mrd_RAM_IP\mrd_RAM_IP.spd --output-directory=C:/work/pj104/code/1702/Mixed_Radix_DFT/IP/mrd_RAM_IP/sim/ --use-relative-paths=true
Info: Doing: ip-make-simscript --spd=C:\work\pj104\code\1702\Mixed_Radix_DFT\IP\mrd_RAM_IP\mrd_RAM_IP.spd --output-directory=C:/work/pj104/code/1702/Mixed_Radix_DFT/IP/mrd_RAM_IP/sim/ --use-relative-paths=true
Info: Generating the following file(s) for MODELSIM simulator in C:/work/pj104/code/1702/Mixed_Radix_DFT/IP/mrd_RAM_IP/sim/ directory:
Info: 	mentor/msim_setup.tcl
Info: Generating the following file(s) for VCS simulator in C:/work/pj104/code/1702/Mixed_Radix_DFT/IP/mrd_RAM_IP/sim/ directory:
Info: 	synopsys/vcs/vcs_setup.sh
Info: Generating the following file(s) for VCSMX simulator in C:/work/pj104/code/1702/Mixed_Radix_DFT/IP/mrd_RAM_IP/sim/ directory:
Info: 	synopsys/vcsmx/synopsys_sim.setup
Info: 	synopsys/vcsmx/vcsmx_setup.sh
Info: Generating the following file(s) for NCSIM simulator in C:/work/pj104/code/1702/Mixed_Radix_DFT/IP/mrd_RAM_IP/sim/ directory:
Info: 	cadence/cds.lib
Info: 	cadence/hdl.var
Info: 	cadence/ncsim_setup.sh
Info: 	1 .cds.lib files in cadence/cds_libs/ directory
Info: Generating the following file(s) for RIVIERA simulator in C:/work/pj104/code/1702/Mixed_Radix_DFT/IP/mrd_RAM_IP/sim/ directory:
Info: 	aldec/rivierapro_setup.tcl
Info: For information on how to simulate your IP, see the explanatory comments in the simulator-specific subdirectories under C:/work/pj104/code/1702/Mixed_Radix_DFT/IP/mrd_RAM_IP/sim/.
Info: Finished: Create Modelsim Project.
Info: 
Info: Starting: Create HDL design files for synthesis
Info: qsys-generate C:\work\pj104\code\1702\Mixed_Radix_DFT\IP\mrd_RAM_IP.qsys --synthesis=VERILOG --output-directory=C:\work\pj104\code\1702\Mixed_Radix_DFT\IP\mrd_RAM_IP --family="Arria 10" --part=10AX115U3F45E2SGE3
Progress: Loading IP/mrd_RAM_IP.qsys
Progress: Reading input file
Progress: Adding ram_2port_0 [ram_2port 15.1]
Progress: Parameterizing module ram_2port_0
Progress: Building connections
Progress: Parameterizing connections
Progress: Validating
Progress: Done reading input file
: mrd_RAM_IP.ram_2port_0: Targeting device family: Arria 10.
: mrd_RAM_IP.ram_2port_0: 'q_a' output bus width will be ignored while using one read port and one write port mode.
: mrd_RAM_IP.ram_2port_0: Tab Output2 is unavailable while using one read port and one write port.
Info: mrd_RAM_IP: "Transforming system: mrd_RAM_IP"
Info: mrd_RAM_IP: Running transform generation_view_transform
Info: mrd_RAM_IP: Running transform generation_view_transform took 0.000s
Info: ram_2port_0: Running transform generation_view_transform
Info: ram_2port_0: Running transform generation_view_transform took 0.000s
Info: mrd_RAM_IP: Running transform merlin_avalon_transform
Info: mrd_RAM_IP: Running transform merlin_avalon_transform took 0.007s
Info: mrd_RAM_IP: "Naming system components in system: mrd_RAM_IP"
Info: mrd_RAM_IP: "Processing generation queue"
Info: mrd_RAM_IP: "Generating: mrd_RAM_IP"
Info: mrd_RAM_IP: "Generating: mrd_RAM_IP_ram_2port_151_zwzljpy"
Info: mrd_RAM_IP: Done "mrd_RAM_IP" with 2 modules, 3 files
Info: qsys-generate succeeded.
Info: Finished: Create HDL design files for synthesis
